// Jest Snapshot v1, https://goo.gl/fbAQLP

exports[`News Container Displays a list of articles 1`] = `
<ul
  aria-label="searchResult"
>
  <li>
    <article>
      <p
        title="theTitle"
      >
        El primer modelo llega en 2023: Volkswagen regional anuncia inversión de US$ 1.260 millones - La Tercera
      </p>
      <p>
        La marca volverá a fijar sus desarrollos en los autos compactos. El pionero de esta nueva era será el llamado Polo Track.
      </p>
      <p>
        Volkswagen de Brasil informó este viernes que, tras estar varias temporadas centrada en el desarrollo de SUVs -cronológicamente, el T-Cross (2018), el Nivus (2020) y el Taos (2020)- volverá a centrar… [+1580 chars]
      </p>
    </article>
  </li>
  <li>
    <article>
      <p
        title="theTitle"
      >
        Electric-Van Maker Workhorse Is Being Investigated by the Justice Department, Documents Show - The Wall Street Journal
      </p>
      <p>
        Inquiry adds to an SEC probe and comes after the company changed management, suffered production setbacks
      </p>
      <p>
        The Justice Department has opened an investigation into electric-van startup Workhorse Inc., according to documents reviewed by The Wall Street Journal.
The focus of the inquiry, which the U.S. atto… [+72 chars]
      </p>
    </article>
  </li>
  <li>
    <article>
      <p
        title="theTitle"
      >
        Saiba como identificar e se proteger de golpes durante a Black Friday - Tudo Bahia
      </p>
      <p>
        Os golpes são mais voltados para o e-commerce. Para quem prefere aproveitar as oportunidades pela internet, todo o cuidado é pouco.
      </p>
      <p>
        Uma das melhores oportunidades para se comprar algum produto desejado é durante a Black Friday, que ocorre na última sexta-feira do mês (26/11). Porém, vários fatores devem ser observados para não ca… [+2046 chars]
      </p>
    </article>
  </li>
  <li>
    <article>
      <p
        title="theTitle"
      >
        Ambanis Deny Move To UK. This Is Why They Bought 300-Acre Property - NDTV
      </p>
      <p>
        After several reports claimed Reliance Industries chairman Mukesh Ambani and his family are likely to move to London, following their acquisition of Stoke Park estate there, the Reliance group today issued a statement rejecting the "baseless" reports
      </p>
      <p>
        Mukesh Ambani, Asia's richest person, lives with his family in Mumbai. (File)
New Delhi: After several reports claimed Reliance Industries Limited chairman Mukesh Ambani and his family are likely to… [+1353 chars]
      </p>
    </article>
  </li>
  <li>
    <article>
      <p
        title="theTitle"
      >
        Huawei Mobile Services superó los 730 millones de usuarios en todo el mundo - Revista Semana
      </p>
      <p />
      <p />
    </article>
  </li>
</ul>
`;
